DEBUG:root:Add: 20 + 10 = 30
DEBUG:root:Sub: 20 - 10 = 10
DEBUG:root:Mul: 20 * 10 = 200
DEBUG:root:Div: 20 / 10 = 2
2019-06-28 23:28:38,335:DEBUG
2019-06-28 23:28:38,369:DEBUG
2019-06-28 23:28:38,369:DEBUG
2019-06-28 23:28:38,371:DEBUG
2019-06-28 23:29:28,655:DEBUG:Add: 20 + 10 = 30
2019-06-28 23:29:28,655:DEBUG:Sub: 20 - 10 = 10
2019-06-28 23:29:28,655:DEBUG:Mul: 20 * 10 = 200
2019-06-28 23:29:28,655:DEBUG:Div: 20 / 10 = 2
2019-06-28 23:41:52,336:DEBUG:Add: 20 + 10 = 30
2019-06-28 23:41:52,358:DEBUG:Sub: 20 - 10 = 10
2019-06-28 23:41:52,358:DEBUG:Mul: 20 * 10 = 200
2019-06-28 23:41:52,358:DEBUG:Div: 20 / 10 = 2
2019-06-29 11:06:43,997:DEBUG:Add: 20 + 10 = 30
2019-06-29 11:06:44,009:DEBUG:Sub: 20 - 10 = 10
2019-06-29 11:06:44,009:DEBUG:Mul: 20 * 10 = 200
2019-06-29 11:06:44,009:DEBUG:Div: 20 / 10 = 2
2019-06-29 11:07:39,845:DEBUG:Add: 20 + 10 = 30
2019-06-29 11:07:39,846:DEBUG:Sub: 20 - 10 = 10
2019-06-29 11:07:39,846:DEBUG:Mul: 20 * 10 = 200
2019-06-29 11:07:39,846:DEBUG:Div: 20 / 10 = 2
2019-06-29 11:07:59,749:DEBUG:Add: 20 + 10 = 30
2019-06-29 11:07:59,750:DEBUG:Sub: 20 - 10 = 10
2019-06-29 11:07:59,750:DEBUG:Mul: 20 * 10 = 200
2019-06-29 11:07:59,750:DEBUG:Div: 20 / 10 = 2
